MO Control NULL ../Downloads/Control.v vlg41/_control.bin 1397624687
MO IF NULL ../Downloads/IF.v vlg33/_i_f.bin 1397624687
MO inst_module_problem18 NULL inst_module_problem18.v vlg64/inst__module__problem18.bin 1397612077
MO TopLevel NULL ../Downloads/TopLevel.v vlg23/_top_level.bin 1397624687
MO reg_file NULL ../Downloads/reg_file.v vlg69/reg__file.bin 1397624686
MO InstROM NULL ../Downloads/InstROM.v vlg18/_inst_r_o_m.bin 1397624687
MO ALU NULL ../Downloads/ALU.v vlg2A/_a_l_u.bin 1397624687
MO immidiate_module NULL immidiate_module.v vlg4C/immidiate__module.bin 1397624687
MO DataRAM NULL ../Downloads/DataRAM.v vlg1E/_data_r_a_m.bin 1397624687
